HI-TECH Software C Compiler 

Linker command line:

\
  --edf=C:\Program Files (x86)\HI-TECH Software\PICC-18\PRO\9.63\dat\en_msgs.txt \
  -cs -h+KeyPads.sym -z -Q18F4620 -ol.obj -MKeyPads.map -E1 \
  -ACODE=0800h-0FFFFh -ACONST=00h-0FFFFh -ASMALLCONST=01000h-010FFhx240 \
  -AMEDIUMCONST=01000h-0FFFFh -ARAM=00h-0FFhx15,0F00h-0F7Fh \
  -ABIGRAM=00h-0F7Fh -ACOMRAM=00h-07Fh -AABS1=00h-0F7Fh -ABANK0=00h-0FFh \
  -ABANK1=0100h-01FFh -ABANK2=0200h-02FFh -ABANK3=0300h-03FFh \
  -ABANK4=0400h-04FFh -ABANK5=0500h-05FFh -ABANK6=0600h-06FFh \
  -ABANK7=0700h-07FFh -ABANK8=0800h-08FFh -ABANK9=0900h-09FFh \
  -ABANK10=0A00h-0AFFh -ABANK11=0B00h-0BFFh -ABANK12=0C00h-0CFFh \
  -ABANK13=0D00h-0DFFh -ABANK14=0E00h-0EFFh -ABANK15=0F00h-0F7Fh \
  -ANVRAM=0F00h-0F7Fh \
  -preset_vec=0800h,intcode=0808h,intcodelo,powerup,init,end_init \
  -pramtop=01000h -psmallconst=SMALLCONST -pmediumconst=MEDIUMCONST \
  -pconst=CONST -pparam1=BANK1 -AFARRAM=00h-00h -ACONFIG=0300000h-030000Dh \
  -pconfig=CONFIG -AIDLOC=0200000h-0200007h -pidloc=IDLOC \
  -AEEDATA=0F00000h-0F003FFh -peeprom_data=EEDATA \
  -prdata=COMRAM,nvrram=COMRAM,nvbit=COMRAM,rbss=COMRAM,rbit=COMRAM \
  -pfarbss=FARRAM,fardata=FARRAM \
  -pintsave_regs=BIGRAM,bigbss=BIGRAM,bigdata=BIGRAM -pbss=RAM \
  -pidata=CODE,irdata=CODE,ibigdata=CODE,ifardata=CODE \
  C:\Users\STULUJ~1.LOC\AppData\Local\Temp\skq0.obj KeyPads.obj 

Object code version is 3.10

Machine type is 18F4620

Call graph: (short form)

*_main size 0,14 offset 0
     _LCD_Init size 0,1 offset 14
         _LCD_Inst size 1,1 offset 28
             _LCD_Strobe size 0,0 offset 46
                 _LCD_Pause size 0,2 offset 46
             _Wait_ms size 2,4 offset 30
         _Wait_ms size 2,4 offset 30
     _LCD_Move size 2,0 offset 26
         _LCD_Inst size 1,1 offset 28
     _LCD_Write size 1,1 offset 44
         _LCD_Strobe size 0,0 offset 46
     _Wait_ms size 2,4 offset 30
     _LCD_Inst size 1,1 offset 28
     _ReadKey size 0,2 offset 14
         _GetKey size 0,4 offset 16
         _Wait_ms size 2,4 offset 30
     ___wmul size 4,2 offset 14
*    _unlock size 2,6 offset 14
         _LCD_Move size 2,0 offset 26
         _LCD_Write size 1,1 offset 44
         _Wait_ms size 2,4 offset 30
         _screenClear size 0,4 offset 22
             _LCD_Move size 2,0 offset 26
             _LCD_Write size 1,1 offset 44
*        _move size 2,2 offset 22
             _LCD_Move size 2,0 offset 26
*            _LCD_Out size 6,12 offset 26
                 _LCD_Write size 1,1 offset 44
                 ___almod size 8,3 offset 44
*                ___aldiv size 8,7 offset 44
             _Wait_ms size 2,4 offset 30
         _playNote size 6,0 offset 22
             _Wait_ms size 2,4 offset 30
     ___awdiv size 4,5 offset 14
*    _LCD_Out size 6,12 offset 26

Estimated maximum call depth: 4

*intlevel2 size 0,0 offset 59
*    _IntServe size 0,15 offset 59

Estimated maximum call depth: 1


                Name          Link     Load   Length Selector Space Scale
C:\Users\STULUJ~1.LOC\AppData\Local\Temp\skq0.obj
                end_init       838      838       24     404     0
                init           818      818       20     404     0
                reset_vec      800      800        4     400     0
KeyPads.obj     intcode        808      808       10     404     0
                idata         1082     1082        4     841     0
                smallcons     1000     1000       82     800     0
                text16        26F0     26F0       14     841     0
                text17        24C2     24C2       7E     841     0
                text18        26BA     26BA       36     841     0
                text13        19CE     19CE      1C4     841     0
                text14        25A6     25A6       4E     841     0
                text15        267E     267E       3C     841     0
                text19        22BA     22BA       F2     841     0
                text12        1D1A     1D1A      188     841     0
                text2         1406     1406      334     841     0
                text3         25F4     25F4       4C     841     0
                text4         23AC     23AC       92     841     0
                text0         1086     1086      380     841     0
                text1         2540     2540       66     841     0
                text5         218A     218A      130     841     0
                text9         173A     173A      294     841     0
                text10        1EA2     1EA2      188     841     0
                text11        243E     243E       84     841     0
                text6         2640     2640       3E     841     0
                text7         202A     202A      160     841     0
                text8         1B92     1B92      188     841     0

COMMON          param1         100      100       4A     100     1

TOTAL           Name          Link     Load   Length  Space
        CLASS   CODE           
                end_init       838      838       24     0
                intcode        808      808       10     0
                init           818      818       20     0
                idata         1082     1082        4     0
                reset_vec      800      800        4     0
                text16        26F0     26F0       14     0
                text17        24C2     24C2       7E     0
                text18        26BA     26BA       36     0
                text13        19CE     19CE      1C4     0
                text14        25A6     25A6       4E     0
                text15        267E     267E       3C     0
                text19        22BA     22BA       F2     0
                text12        1D1A     1D1A      188     0
                text2         1406     1406      334     0
                text3         25F4     25F4       4C     0
                text4         23AC     23AC       92     0
                text0         1086     1086      380     0
                text1         2540     2540       66     0
                text5         218A     218A      130     0
                text9         173A     173A      294     0
                text10        1EA2     1EA2      188     0
                text11        243E     243E       84     0
                text6         2640     2640       3E     0
                text7         202A     202A      160     0
                text8         1B92     1B92      188     0

        CLASS   CONST          

        CLASS   SMALLCONST     
                smallcons     1000     1000       82     0

        CLASS   MEDIUMCONST    

        CLASS   RAM            

        CLASS   BIGRAM         

        CLASS   COMRAM         

        CLASS   ABS1           
                abs_s1           0        0        E     1

        CLASS   BANK0          

        CLASS   BANK1          
                param1         100      100       4A     1

        CLASS   BANK2          

        CLASS   BANK3          

        CLASS   BANK4          

        CLASS   BANK5          

        CLASS   BANK6          

        CLASS   BANK7          

        CLASS   BANK8          

        CLASS   BANK9          

        CLASS   BANK10         

        CLASS   BANK11         

        CLASS   BANK12         

        CLASS   BANK13         

        CLASS   BANK14         

        CLASS   BANK15         

        CLASS   NVRAM          

        CLASS   FARRAM         

        CLASS   CONFIG         

        CLASS   IDLOC          

        CLASS   EEDATA         



SEGMENTS        Name           Load    Length   Top     Selector    Space Class

                param1          000100  00004A  00014A       100       1  BANK1   
                reset_vec       000800  000004  000804       400       0  CODE    
                intcode         000808  000054  00085C       404       0  CODE    
                smallconst      001000  000082  001082       800       0  SMALLCON
                idata           001082  001682  002704       841       0  CODE    


UNUSED ADDRESS RANGES

        BANK0            00000E-0000FF
        BANK1            00014A-0001FF
        BANK10           000A00-000AFF
        BANK11           000B00-000BFF
        BANK12           000C00-000CFF
        BANK13           000D00-000DFF
        BANK14           000E00-000EFF
        BANK15           000F00-000F7F
        BANK2            000200-0002FF
        BANK3            000300-0003FF
        BANK4            000400-0004FF
        BANK5            000500-0005FF
        BANK6            000600-0006FF
        BANK7            000700-0007FF
        BANK8            000800-0008FF
        BANK9            000900-0009FF
        BIGRAM           00000E-0000FF
                         00014A-000F7F
        CODE             000804-000807
                         00085C-000FFF
                         002704-00FFFF
        COMRAM           00000E-00007F
        CONFIG           300000-30000D
        CONST            000000-0007FF
                         000804-000807
                         00085C-000FFF
                         002704-00FFFF
        EEDATA           F00000-F003FF
        FARRAM           000000-000000
        IDLOC            200000-200007
        MEDIUMCONST      002704-00FFFF
        NVRAM            000F00-000F7F
        RAM              00000E-0000FF
                         00014A-000F7F
        SMALLCONST       002704-00FFFF

                                  Symbol Table

??_GetKey            param1       000110
??_IntServe          param1       00013B
??_LCD_Init          param1       00010E
??_LCD_Inst          param1       00011D
??_LCD_Move          param1       00011C
??_LCD_Out           param1       000120
??_LCD_Pause         param1       00012E
??_LCD_Strobe        param1       00012E
??_LCD_Write         param1       00012D
??_ReadKey           param1       00010E
??_Wait_ms           param1       000120
??___aldiv           param1       000134
??___almod           param1       000134
??___awdiv           param1       000112
??___wmul            param1       000112
??_main              param1       000100
??_move              param1       000118
??_playNote          param1       00011C
??_screenClear       param1       000116
??_unlock            param1       000110
?_GetKey             param1       000110
?_IntServe           param1       00013B
?_LCD_Init           param1       00010E
?_LCD_Inst           param1       00011C
?_LCD_Move           param1       00011A
?_LCD_Out            param1       00011A
?_LCD_Pause          param1       00012E
?_LCD_Strobe         param1       00012E
?_LCD_Write          param1       00012C
?_ReadKey            param1       00010E
?_Wait_ms            param1       00011E
?___aldiv            param1       00012C
?___almod            param1       00012C
?___awdiv            param1       00010E
?___wmul             param1       00010E
?_main               param1       000100
?_move               param1       000116
?_playNote           param1       000116
?_screenClear        param1       000116
?_unlock             param1       00010E
GetKey@RESULT        param1       000110
GetKey@i             param1       000111
LCD_Inst@c           param1       00011C
LCD_Move@Col         param1       00011B
LCD_Move@Row         param1       00011A
LCD_Out@A            param1       000121
LCD_Out@D            param1       00011E
LCD_Out@DATA         param1       00011A
LCD_Out@N            param1       00011F
LCD_Out@i            param1       000120
LCD_Pause@x          param1       00012E
LCD_Write@c          param1       00012C
ReadKey@X            param1       00010F
ReadKey@Y            param1       00010E
Wait_ms@X            param1       00011E
Wait_ms@i            param1       000120
Wait_ms@j            param1       000122
_ADCON1              (abs)        000FC1
_GIE                 (abs)        007F97
_GetKey              text9        00173A
_IntServe            text19       0022BA
_LCD_Init            text4        0023AC
_LCD_Inst            text14       0025A6
_LCD_Move            text11       00243E
_LCD_Out             text10       001EA2
_LCD_Pause           text18       0026BA
_LCD_Strobe          text16       0026F0
_LCD_Write           text15       00267E
_MSG0                smallconst   001001
_MSG00               smallconst   001016
_MSG1                smallconst   00102B
_MSG2                smallconst   001040
_MSG3                smallconst   001055
_MSGclear            smallconst   00106A
_N0                  (abs)        000006
_N1                  (abs)        000008
_N2                  (abs)        000004
_PEIE                (abs)        007F96
_PLAY                (abs)        000000
_PORTA               (abs)        000F80
_PORTB               (abs)        000F81
_PORTC               (abs)        000F82
_PORTD               (abs)        000F83
_RB0                 (abs)        007C08
_RB1                 (abs)        007C09
_RB2                 (abs)        007C0A
_RB3                 (abs)        007C0B
_RB4                 (abs)        007C0C
_RC3                 (abs)        007C13
_RC4                 (abs)        007C14
_RC5                 (abs)        007C15
_RC6                 (abs)        007C16
_RD1                 (abs)        007C19
_RD2                 (abs)        007C1A
_RD3                 (abs)        007C1B
_ReadKey             text3        0025F4
_STEP                (abs)        000002
_T0CON               (abs)        000FD5
_T0CS                (abs)        007EAD
_T1CON               (abs)        000FCD
_T3CON               (abs)        000FB1
_TABLE               (abs)        00000A
_TMR0                (abs)        000FD6
_TMR0IE              (abs)        007F95
_TMR0IF              (abs)        007F92
_TMR0IP              (abs)        007F8A
_TMR0ON              (abs)        007EAF
_TMR1                (abs)        000FCE
_TMR1CS              (abs)        007E69
_TMR1IE              (abs)        007CE8
_TMR1IF              (abs)        007CF0
_TMR1IP              (abs)        007CF8
_TMR1ON              (abs)        007E68
_TMR3                (abs)        000FB2
_TMR3CS              (abs)        007D89
_TMR3IE              (abs)        007D01
_TMR3IF              (abs)        007D09
_TMR3IP              (abs)        007D11
_TMR3ON              (abs)        007D88
_TRISA               (abs)        000F92
_TRISB               (abs)        000F93
_TRISC               (abs)        000F94
_TRISD               (abs)        000F95
_TRISE               (abs)        000F96
_TRMT                (abs)        007D61
_TXREG               (abs)        000FAD
_Wait_ms             text17       0024C2
__Bnvbit             nvbit        00000E
__Brbit              rbit         00000E
__HRAM               (abs)        000000
__Habsbss0           (abs)        00000A
__Hbigbss            bigbss       00014A
__Hbigdata           bigdata      00014A
__Hbss               bss          00000E
__Hclrtext           clrtext      001086
__Hconfig            config       300000
__Hconst             const        001082
__Hdata              data         001086
__Hdata0             (abs)        00000E
__Heeprom_data       eeprom_data  F00000
__Hend_init          end_init     00085C
__Hfarbss            farbss       000000
__Hfardata           fardata      000000
__Hibigdata          ibigdata     001086
__Hidata             idata        001086
__Hidloc             idloc        200000
__Hifardata          ifardata     001086
__Hinit              init         000838
__Hintcode           intcode      000818
__Hintcodelo         intcodelo    000818
__Hintentry          intentry     001086
__Hintret            intret       001086
__Hintsave_regs      intsave_regs 00014A
__Hirdata            irdata       001086
__Hmediumconst       mediumconst  001082
__Hnvbit             nvbit        000070
__Hnvram             nvram        001086
__Hnvrram            nvrram       00000E
__Hparam             param1       00014A
__Hparam0            param0       001086
__Hparam1            param1       00014A
__Hparam10           param10      001086
__Hparam11           param11      001086
__Hparam12           param12      001086
__Hparam13           param13      001086
__Hparam14           param14      001086
__Hparam15           param15      001086
__Hparam2            param2       001086
__Hparam3            param3       001086
__Hparam4            param4       001086
__Hparam5            param5       001086
__Hparam6            param6       001086
__Hparam7            param7       001086
__Hparam8            param8       001086
__Hparam9            param9       001086
__Hpowerup           powerup      000818
__Hramtop            ramtop       001000
__Hrbit              rbit         000070
__Hrbss              rbss         00000E
__Hrdata             rdata        00000E
__Hreset_vec         reset_vec    000804
__Hrparam            rparam       001086
__Hsmallconst        smallconst   001082
__Hstruct            struct       00000E
__Htemp              temp         00000E
__Htext              text         001086
__Htext0             text0        001086
__Htext1             text1        001086
__Htext10            text10       001086
__Htext11            text11       001086
__Htext12            text12       001086
__Htext13            text13       001086
__Htext14            text14       001086
__Htext15            text15       001086
__Htext16            text16       001086
__Htext17            text17       001086
__Htext18            text18       001086
__Htext19            text19       001086
__Htext2             text2        001086
__Htext20            text20       001086
__Htext3             text3        001086
__Htext4             text4        001086
__Htext5             text5        001086
__Htext6             text6        001086
__Htext7             text7        001086
__Htext8             text8        001086
__Htext9             text9        001086
__LRAM               (abs)        000001
__Labsbss0           (abs)        000000
__Lbigbss            bigbss       00014A
__Lbigdata           bigdata      00014A
__Lbss               bss          00000E
__Lclrtext           clrtext      001086
__Lconfig            config       300000
__Lconst             const        001082
__Ldata              (abs)        00000A
__Ldata0             (abs)        00000A
__Leeprom_data       eeprom_data  F00000
__Lend_init          end_init     000838
__Lfarbss            farbss       000000
__Lfardata           fardata      000000
__Libigdata          ibigdata     001086
__Lidata             idata        001082
__Lidloc             idloc        200000
__Lifardata          ifardata     001086
__Linit              init         000818
__Lintcode           intcode      000808
__Lintcodelo         intcodelo    000818
__Lintentry          intentry     001086
__Lintret            intret       001086
__Lintsave_regs      intsave_regs 00014A
__Lirdata            irdata       001086
__Lmediumconst       mediumconst  001082
__Lnvbit             nvbit        000070
__Lnvram             nvram        001086
__Lnvrram            nvrram       00000E
__Lparam             param1       000100
__Lparam0            param0       001086
__Lparam1            param1       000100
__Lparam10           param10      001086
__Lparam11           param11      001086
__Lparam12           param12      001086
__Lparam13           param13      001086
__Lparam14           param14      001086
__Lparam15           param15      001086
__Lparam2            param2       001086
__Lparam3            param3       001086
__Lparam4            param4       001086
__Lparam5            param5       001086
__Lparam6            param6       001086
__Lparam7            param7       001086
__Lparam8            param8       001086
__Lparam9            param9       001086
__Lpowerup           powerup      000818
__Lramtop            ramtop       001000
__Lrbit              rbit         000070
__Lrbss              rbss         00000E
__Lrdata             rdata        00000E
__Lreset_vec         reset_vec    000800
__Lrparam            rparam       001086
__Lsmallconst        smallconst   001000
__Lstruct            struct       00000E
__Ltemp              temp         00000E
__Ltext              text         001086
__Ltext0             text0        001086
__Ltext1             text1        001086
__Ltext10            text10       001086
__Ltext11            text11       001086
__Ltext12            text12       001086
__Ltext13            text13       001086
__Ltext14            text14       001086
__Ltext15            text15       001086
__Ltext16            text16       001086
__Ltext17            text17       001086
__Ltext18            text18       001086
__Ltext19            text19       001086
__Ltext2             text2        001086
__Ltext20            text20       001086
__Ltext3             text3        001086
__Ltext4             text4        001086
__Ltext5             text5        001086
__Ltext6             text6        001086
__Ltext7             text7        001086
__Ltext8             text8        001086
__Ltext9             text9        001086
__S0                 (abs)        F00000
__S1                 (abs)        000F00
___aldiv             text13       0019CE
___aldiv@counter     param1       000134
___aldiv@dividend    param1       00012C
___aldiv@divisor     param1       000130
___aldiv@quotient    param1       000136
___aldiv@sign        param1       000135
___almod             text12       001D1A
___almod@counter     param1       000135
___almod@dividend    param1       00012C
___almod@divisor     param1       000130
___almod@sign        param1       000134
___awdiv             text5        00218A
___awdiv@counter     param1       000112
___awdiv@dividend    param1       00010E
___awdiv@divisor     param1       000110
___awdiv@quotient    param1       000114
___awdiv@sign        param1       000113
___wmul              text1        002540
___wmul@multiplicand param1       000110
___wmul@multiplier   param1       00010E
___wmul@product      param1       000112
__accesstop          (abs)        000080
__activetblptr       (abs)        000003
__end_of_GetKey      text9        0019CE
__end_of_IntServe    text19       0023AC
__end_of_LCD_Init    text4        00243E
__end_of_LCD_Inst    text14       0025F4
__end_of_LCD_Move    text11       0024C2
__end_of_LCD_Out     text10       00202A
__end_of_LCD_Pause   text18       0026F0
__end_of_LCD_Strobe  text16       002704
__end_of_LCD_Write   text15       0026BA
__end_of_ReadKey     text3        002640
__end_of_Wait_ms     text17       002540
__end_of___aldiv     text13       001B92
__end_of___almod     text12       001EA2
__end_of___awdiv     text5        0022BA
__end_of___wmul      text1        0025A6
__end_of_main        text0        001406
__end_of_move        text7        00218A
__end_of_playNote    text6        00267E
__end_of_screenClear text8        001D1A
__end_of_unlock      text2        00173A
__mediumconst        mediumconst  001082
__ramtop             ramtop       001000
__smallconst         smallconst   001000
_exit                init         000818
_lockCode            smallconst   00107F
_main                text0        001086
_move                text7        00202A
_playNote            text6        002640
_screenClear         text8        001B92
_unlock              text2        001406
int_func             intcode      000808
intlevel0            text         002704
intlevel1            text         002704
intlevel2            text         002704
intlevel3            text         002704
main@T               param1       000100
main@TEMP            param1       000104
main@X               param1       00010A
main@Y               param1       000106
main@Z               param1       000102
main@i               param1       000108
move@REF             param1       000116
playNote@f0          param1       000116
playNote@f1          param1       000118
playNote@f2          param1       00011A
screenClear@i        param1       000116
start                init         000818
unlock@REF           param1       000110
unlock@code          param1       00010E
unlock@i             param1       000112
