HI-TECH Software C Compiler 

Linker command line:

\
  --edf=C:\Program Files (x86)\HI-TECH Software\PICC-18\PRO\9.63\dat\en_msgs.txt \
  -cs -h+TermProject.sym -z -Q18F4620 -ol.obj -MTermProject.map -E1 \
  -ACODE=0800h-0FFFFh -ACONST=00h-0FFFFh -ASMALLCONST=01000h-010FFhx240 \
  -AMEDIUMCONST=01000h-0FFFFh -ARAM=00h-0FFhx15,0F00h-0F7Fh \
  -ABIGRAM=00h-0F7Fh -ACOMRAM=00h-07Fh -AABS1=00h-0F7Fh -ABANK0=00h-0FFh \
  -ABANK1=0100h-01FFh -ABANK2=0200h-02FFh -ABANK3=0300h-03FFh \
  -ABANK4=0400h-04FFh -ABANK5=0500h-05FFh -ABANK6=0600h-06FFh \
  -ABANK7=0700h-07FFh -ABANK8=0800h-08FFh -ABANK9=0900h-09FFh \
  -ABANK10=0A00h-0AFFh -ABANK11=0B00h-0BFFh -ABANK12=0C00h-0CFFh \
  -ABANK13=0D00h-0DFFh -ABANK14=0E00h-0EFFh -ABANK15=0F00h-0F7Fh \
  -ANVRAM=0F00h-0F7Fh \
  -preset_vec=0800h,intcode=0808h,intcodelo,powerup,init,end_init \
  -pramtop=01000h -psmallconst=SMALLCONST -pmediumconst=MEDIUMCONST \
  -pconst=CONST -pparam1=BANK1 -AFARRAM=00h-00h -ACONFIG=0300000h-030000Dh \
  -pconfig=CONFIG -AIDLOC=0200000h-0200007h -pidloc=IDLOC \
  -AEEDATA=0F00000h-0F003FFh -peeprom_data=EEDATA \
  -prdata=COMRAM,nvrram=COMRAM,nvbit=COMRAM,rbss=COMRAM,rbit=COMRAM \
  -pfarbss=FARRAM,fardata=FARRAM \
  -pintsave_regs=BIGRAM,bigbss=BIGRAM,bigdata=BIGRAM -pbss=RAM \
  -pidata=CODE,irdata=CODE,ibigdata=CODE,ifardata=CODE \
  C:\Users\STULUJ~1.LOC\AppData\Local\Temp\s5qk.obj TermProject.obj 

Object code version is 3.10

Machine type is 18F4620

Call graph: (short form)

*_main size 0,12 offset 0
     _LCD_Init size 0,1 offset 12
         _LCD_Inst size 1,1 offset 26
             _LCD_Strobe size 0,0 offset 44
                 _LCD_Pause size 0,2 offset 44
             _Wait_ms size 2,4 offset 28
         _Wait_ms size 2,4 offset 28
     _LCD_Move size 2,0 offset 24
         _LCD_Inst size 1,1 offset 26
     _LCD_Write size 1,1 offset 42
         _LCD_Strobe size 0,0 offset 44
     _ReadKey size 0,2 offset 12
         _GetKey size 0,4 offset 14
         _Wait_ms size 2,4 offset 28
     ___wmul size 4,2 offset 12
*    _unlock size 2,6 offset 12
         _LCD_Move size 2,0 offset 24
         _LCD_Write size 1,1 offset 42
         _playNote size 2,0 offset 20
             _Wait_ms size 2,4 offset 28
         _screenClear size 0,4 offset 20
             _LCD_Move size 2,0 offset 24
             _LCD_Write size 1,1 offset 42
*        _move size 2,2 offset 20
             _LCD_Move size 2,0 offset 24
*            _LCD_Out size 6,12 offset 24
                 _LCD_Write size 1,1 offset 42
                 ___almod size 8,3 offset 42
*                ___aldiv size 8,7 offset 42
             _Wait_ms size 2,4 offset 28
         _Wait_ms size 2,4 offset 28
     ___awdiv size 4,5 offset 12
*    _LCD_Out size 6,12 offset 24

Estimated maximum call depth: 4

*intlevel2 size 0,0 offset 57
*    _IntServe size 0,15 offset 57

Estimated maximum call depth: 1


                Name          Link     Load   Length Selector Space Scale
C:\Users\STULUJ~1.LOC\AppData\Local\Temp\s5qk.obj
                end_init       838      838       24     404     0
                init           818      818       20     404     0
                reset_vec      800      800        4     400     0
TermProject.obj intcode        808      808       10     404     0
                idata         106E     106E        4     837     0
                smallcons     1000     1000       6E     800     0
                text16        24DA     24DA       7E     837     0
                text17        26CA     26CA       14     837     0
                text18        2694     2694       36     837     0
                text13        18EC     18EC      1C4     837     0
                text14        2658     2658       3C     837     0
                text15        25BE     25BE       4E     837     0
                text19        22CE     22CE       F6     837     0
                text12        1AB0     1AB0      188     837     0
                text2         1072     1072      318     837     0
                text3         260C     260C       4C     837     0
                text4         23C4     23C4       92     837     0
                text0         138A     138A      2CE     837     0
                text1         2558     2558       66     837     0
                text5         20A8     20A8      130     837     0
                text9         1658     1658      294     837     0
                text10        2456     2456       84     837     0
                text11        1DC0     1DC0      188     837     0
                text6         1F48     1F48      160     837     0
                text7         1C38     1C38      188     837     0
                text8         21D8     21D8       F6     837     0

COMMON          param1         100      100       48     100     1

TOTAL           Name          Link     Load   Length  Space
        CLASS   CODE           
                end_init       838      838       24     0
                intcode        808      808       10     0
                init           818      818       20     0
                idata         106E     106E        4     0
                reset_vec      800      800        4     0
                text16        24DA     24DA       7E     0
                text17        26CA     26CA       14     0
                text18        2694     2694       36     0
                text13        18EC     18EC      1C4     0
                text14        2658     2658       3C     0
                text15        25BE     25BE       4E     0
                text19        22CE     22CE       F6     0
                text12        1AB0     1AB0      188     0
                text2         1072     1072      318     0
                text3         260C     260C       4C     0
                text4         23C4     23C4       92     0
                text0         138A     138A      2CE     0
                text1         2558     2558       66     0
                text5         20A8     20A8      130     0
                text9         1658     1658      294     0
                text10        2456     2456       84     0
                text11        1DC0     1DC0      188     0
                text6         1F48     1F48      160     0
                text7         1C38     1C38      188     0
                text8         21D8     21D8       F6     0

        CLASS   CONST          

        CLASS   SMALLCONST     
                smallcons     1000     1000       6E     0

        CLASS   MEDIUMCONST    

        CLASS   RAM            

        CLASS   BIGRAM         

        CLASS   COMRAM         

        CLASS   ABS1           
                abs_s1           0        0       12     1

        CLASS   BANK0          

        CLASS   BANK1          
                param1         100      100       48     1

        CLASS   BANK2          

        CLASS   BANK3          

        CLASS   BANK4          

        CLASS   BANK5          

        CLASS   BANK6          

        CLASS   BANK7          

        CLASS   BANK8          

        CLASS   BANK9          

        CLASS   BANK10         

        CLASS   BANK11         

        CLASS   BANK12         

        CLASS   BANK13         

        CLASS   BANK14         

        CLASS   BANK15         

        CLASS   NVRAM          

        CLASS   FARRAM         

        CLASS   CONFIG         

        CLASS   IDLOC          

        CLASS   EEDATA         



SEGMENTS        Name           Load    Length   Top     Selector    Space Class

                param1          000100  000048  000148       100       1  BANK1   
                reset_vec       000800  000004  000804       400       0  CODE    
                intcode         000808  000054  00085C       404       0  CODE    
                smallconst      001000  00006E  00106E       800       0  SMALLCON
                idata           00106E  001670  0026DE       837       0  CODE    


UNUSED ADDRESS RANGES

        BANK0            000012-0000FF
        BANK1            000148-0001FF
        BANK10           000A00-000AFF
        BANK11           000B00-000BFF
        BANK12           000C00-000CFF
        BANK13           000D00-000DFF
        BANK14           000E00-000EFF
        BANK15           000F00-000F7F
        BANK2            000200-0002FF
        BANK3            000300-0003FF
        BANK4            000400-0004FF
        BANK5            000500-0005FF
        BANK6            000600-0006FF
        BANK7            000700-0007FF
        BANK8            000800-0008FF
        BANK9            000900-0009FF
        BIGRAM           000012-0000FF
                         000148-000F7F
        CODE             000804-000807
                         00085C-000FFF
                         0026DE-00FFFF
        COMRAM           000012-00007F
        CONFIG           300000-30000D
        CONST            000000-0007FF
                         000804-000807
                         00085C-000FFF
                         0026DE-00FFFF
        EEDATA           F00000-F003FF
        FARRAM           000000-000000
        IDLOC            200000-200007
        MEDIUMCONST      0026DE-00FFFF
        NVRAM            000F00-000F7F
        RAM              000012-0000FF
                         000148-000F7F
        SMALLCONST       0026DE-00FFFF

                                  Symbol Table

??_GetKey            param1       00010E
??_IntServe          param1       000139
??_LCD_Init          param1       00010C
??_LCD_Inst          param1       00011B
??_LCD_Move          param1       00011A
??_LCD_Out           param1       00011E
??_LCD_Pause         param1       00012C
??_LCD_Strobe        param1       00012C
??_LCD_Write         param1       00012B
??_ReadKey           param1       00010C
??_Wait_ms           param1       00011E
??___aldiv           param1       000132
??___almod           param1       000132
??___awdiv           param1       000110
??___wmul            param1       000110
??_main              param1       000100
??_move              param1       000116
??_playNote          param1       000116
??_screenClear       param1       000114
??_unlock            param1       00010E
?_GetKey             param1       00010E
?_IntServe           param1       000139
?_LCD_Init           param1       00010C
?_LCD_Inst           param1       00011A
?_LCD_Move           param1       000118
?_LCD_Out            param1       000118
?_LCD_Pause          param1       00012C
?_LCD_Strobe         param1       00012C
?_LCD_Write          param1       00012A
?_ReadKey            param1       00010C
?_Wait_ms            param1       00011C
?___aldiv            param1       00012A
?___almod            param1       00012A
?___awdiv            param1       00010C
?___wmul             param1       00010C
?_main               param1       000100
?_move               param1       000114
?_playNote           param1       000114
?_screenClear        param1       000114
?_unlock             param1       00010C
GetKey@RESULT        param1       00010E
GetKey@i             param1       00010F
LCD_Inst@c           param1       00011A
LCD_Move@Col         param1       000119
LCD_Move@Row         param1       000118
LCD_Out@A            param1       00011F
LCD_Out@D            param1       00011C
LCD_Out@DATA         param1       000118
LCD_Out@N            param1       00011D
LCD_Out@i            param1       00011E
LCD_Pause@x          param1       00012C
LCD_Write@c          param1       00012A
ReadKey@X            param1       00010D
ReadKey@Y            param1       00010C
Wait_ms@X            param1       00011C
Wait_ms@i            param1       00011E
Wait_ms@j            param1       000120
_ADCON1              (abs)        000FC1
_GIE                 (abs)        007F97
_GetKey              text9        001658
_IntServe            text19       0022CE
_LCD_Init            text4        0023C4
_LCD_Inst            text15       0025BE
_LCD_Move            text10       002456
_LCD_Out             text11       001DC0
_LCD_Pause           text18       002694
_LCD_Strobe          text17       0026CA
_LCD_Write           text14       002658
_MSG0                smallconst   001001
_MSG1                smallconst   001016
_MSG2                smallconst   00102B
_MSG3                smallconst   001040
_MSGclear            smallconst   001055
_N0                  (abs)        000008
_N1                  (abs)        00000A
_N2                  (abs)        00000C
_PEIE                (abs)        007F96
_PLAY1               (abs)        000006
_PLAY2               (abs)        000000
_PLAY3               (abs)        000002
_PORTA               (abs)        000F80
_PORTC               (abs)        000F82
_PORTD               (abs)        000F83
_RB0                 (abs)        007C08
_RB1                 (abs)        007C09
_RB2                 (abs)        007C0A
_RB3                 (abs)        007C0B
_RB4                 (abs)        007C0C
_RC3                 (abs)        007C13
_RC4                 (abs)        007C14
_RC5                 (abs)        007C15
_RC6                 (abs)        007C16
_RD0                 (abs)        007C18
_RD1                 (abs)        007C19
_RD2                 (abs)        007C1A
_RD3                 (abs)        007C1B
_ReadKey             text3        00260C
_STEP                (abs)        000004
_T0CON               (abs)        000FD5
_T0CS                (abs)        007EAD
_T1CON               (abs)        000FCD
_T3CON               (abs)        000FB1
_TABLE               (abs)        00000E
_TMR0                (abs)        000FD6
_TMR0IE              (abs)        007F95
_TMR0IF              (abs)        007F92
_TMR0IP              (abs)        007F8A
_TMR0ON              (abs)        007EAF
_TMR1                (abs)        000FCE
_TMR1CS              (abs)        007E69
_TMR1IE              (abs)        007CE8
_TMR1IF              (abs)        007CF0
_TMR1IP              (abs)        007CF8
_TMR1ON              (abs)        007E68
_TMR3                (abs)        000FB2
_TMR3CS              (abs)        007D89
_TMR3IE              (abs)        007D01
_TMR3IF              (abs)        007D09
_TMR3IP              (abs)        007D11
_TMR3ON              (abs)        007D88
_TRISA               (abs)        000F92
_TRISB               (abs)        000F93
_TRISC               (abs)        000F94
_TRISD               (abs)        000F95
_TRISE               (abs)        000F96
_TRMT                (abs)        007D61
_TXREG               (abs)        000FAD
_Wait_ms             text16       0024DA
__Bnvbit             nvbit        000012
__Brbit              rbit         000012
__HRAM               (abs)        000000
__Habsbss0           (abs)        00000E
__Hbigbss            bigbss       000148
__Hbigdata           bigdata      000148
__Hbss               bss          000012
__Hclrtext           clrtext      001072
__Hconfig            config       300000
__Hconst             const        00106E
__Hdata              data         001072
__Hdata0             (abs)        000012
__Heeprom_data       eeprom_data  F00000
__Hend_init          end_init     00085C
__Hfarbss            farbss       000000
__Hfardata           fardata      000000
__Hibigdata          ibigdata     001072
__Hidata             idata        001072
__Hidloc             idloc        200000
__Hifardata          ifardata     001072
__Hinit              init         000838
__Hintcode           intcode      000818
__Hintcodelo         intcodelo    000818
__Hintentry          intentry     001072
__Hintret            intret       001072
__Hintsave_regs      intsave_regs 000148
__Hirdata            irdata       001072
__Hmediumconst       mediumconst  00106E
__Hnvbit             nvbit        000090
__Hnvram             nvram        001072
__Hnvrram            nvrram       000012
__Hparam             param1       000148
__Hparam0            param0       001072
__Hparam1            param1       000148
__Hparam10           param10      001072
__Hparam11           param11      001072
__Hparam12           param12      001072
__Hparam13           param13      001072
__Hparam14           param14      001072
__Hparam15           param15      001072
__Hparam2            param2       001072
__Hparam3            param3       001072
__Hparam4            param4       001072
__Hparam5            param5       001072
__Hparam6            param6       001072
__Hparam7            param7       001072
__Hparam8            param8       001072
__Hparam9            param9       001072
__Hpowerup           powerup      000818
__Hramtop            ramtop       001000
__Hrbit              rbit         000090
__Hrbss              rbss         000012
__Hrdata             rdata        000012
__Hreset_vec         reset_vec    000804
__Hrparam            rparam       001072
__Hsmallconst        smallconst   00106E
__Hstruct            struct       000012
__Htemp              temp         000012
__Htext              text         001072
__Htext0             text0        001072
__Htext1             text1        001072
__Htext10            text10       001072
__Htext11            text11       001072
__Htext12            text12       001072
__Htext13            text13       001072
__Htext14            text14       001072
__Htext15            text15       001072
__Htext16            text16       001072
__Htext17            text17       001072
__Htext18            text18       001072
__Htext19            text19       001072
__Htext2             text2        001072
__Htext20            text20       001072
__Htext3             text3        001072
__Htext4             text4        001072
__Htext5             text5        001072
__Htext6             text6        001072
__Htext7             text7        001072
__Htext8             text8        001072
__Htext9             text9        001072
__LRAM               (abs)        000001
__Labsbss0           (abs)        000000
__Lbigbss            bigbss       000148
__Lbigdata           bigdata      000148
__Lbss               bss          000012
__Lclrtext           clrtext      001072
__Lconfig            config       300000
__Lconst             const        00106E
__Ldata              (abs)        00000E
__Ldata0             (abs)        00000E
__Leeprom_data       eeprom_data  F00000
__Lend_init          end_init     000838
__Lfarbss            farbss       000000
__Lfardata           fardata      000000
__Libigdata          ibigdata     001072
__Lidata             idata        00106E
__Lidloc             idloc        200000
__Lifardata          ifardata     001072
__Linit              init         000818
__Lintcode           intcode      000808
__Lintcodelo         intcodelo    000818
__Lintentry          intentry     001072
__Lintret            intret       001072
__Lintsave_regs      intsave_regs 000148
__Lirdata            irdata       001072
__Lmediumconst       mediumconst  00106E
__Lnvbit             nvbit        000090
__Lnvram             nvram        001072
__Lnvrram            nvrram       000012
__Lparam             param1       000100
__Lparam0            param0       001072
__Lparam1            param1       000100
__Lparam10           param10      001072
__Lparam11           param11      001072
__Lparam12           param12      001072
__Lparam13           param13      001072
__Lparam14           param14      001072
__Lparam15           param15      001072
__Lparam2            param2       001072
__Lparam3            param3       001072
__Lparam4            param4       001072
__Lparam5            param5       001072
__Lparam6            param6       001072
__Lparam7            param7       001072
__Lparam8            param8       001072
__Lparam9            param9       001072
__Lpowerup           powerup      000818
__Lramtop            ramtop       001000
__Lrbit              rbit         000090
__Lrbss              rbss         000012
__Lrdata             rdata        000012
__Lreset_vec         reset_vec    000800
__Lrparam            rparam       001072
__Lsmallconst        smallconst   001000
__Lstruct            struct       000012
__Ltemp              temp         000012
__Ltext              text         001072
__Ltext0             text0        001072
__Ltext1             text1        001072
__Ltext10            text10       001072
__Ltext11            text11       001072
__Ltext12            text12       001072
__Ltext13            text13       001072
__Ltext14            text14       001072
__Ltext15            text15       001072
__Ltext16            text16       001072
__Ltext17            text17       001072
__Ltext18            text18       001072
__Ltext19            text19       001072
__Ltext2             text2        001072
__Ltext20            text20       001072
__Ltext3             text3        001072
__Ltext4             text4        001072
__Ltext5             text5        001072
__Ltext6             text6        001072
__Ltext7             text7        001072
__Ltext8             text8        001072
__Ltext9             text9        001072
__S0                 (abs)        F00000
__S1                 (abs)        000F00
___aldiv             text13       0018EC
___aldiv@counter     param1       000132
___aldiv@dividend    param1       00012A
___aldiv@divisor     param1       00012E
___aldiv@quotient    param1       000134
___aldiv@sign        param1       000133
___almod             text12       001AB0
___almod@counter     param1       000133
___almod@dividend    param1       00012A
___almod@divisor     param1       00012E
___almod@sign        param1       000132
___awdiv             text5        0020A8
___awdiv@counter     param1       000110
___awdiv@dividend    param1       00010C
___awdiv@divisor     param1       00010E
___awdiv@quotient    param1       000112
___awdiv@sign        param1       000111
___wmul              text1        002558
___wmul@multiplicand param1       00010E
___wmul@multiplier   param1       00010C
___wmul@product      param1       000110
__accesstop          (abs)        000080
__activetblptr       (abs)        000003
__end_of_GetKey      text9        0018EC
__end_of_IntServe    text19       0023C4
__end_of_LCD_Init    text4        002456
__end_of_LCD_Inst    text15       00260C
__end_of_LCD_Move    text10       0024DA
__end_of_LCD_Out     text11       001F48
__end_of_LCD_Pause   text18       0026CA
__end_of_LCD_Strobe  text17       0026DE
__end_of_LCD_Write   text14       002694
__end_of_ReadKey     text3        002658
__end_of_Wait_ms     text16       002558
__end_of___aldiv     text13       001AB0
__end_of___almod     text12       001C38
__end_of___awdiv     text5        0021D8
__end_of___wmul      text1        0025BE
__end_of_main        text0        001658
__end_of_move        text6        0020A8
__end_of_playNote    text8        0022CE
__end_of_screenClear text7        001DC0
__end_of_unlock      text2        00138A
__mediumconst        mediumconst  00106E
__ramtop             ramtop       001000
__smallconst         smallconst   001000
_exit                init         000818
_lockCode            smallconst   00106A
_main                text0        00138A
_move                text6        001F48
_playNote            text8        0021D8
_screenClear         text7        001C38
_unlock              text2        001072
int_func             intcode      000808
intlevel0            text         0026DE
intlevel1            text         0026DE
intlevel2            text         0026DE
intlevel3            text         0026DE
main@T               param1       000100
main@TEMP            param1       000104
main@X               param1       000108
main@Y               param1       000106
main@Z               param1       000102
move@REF             param1       000114
playNote@flag        param1       000114
screenClear@i        param1       000114
start                init         000818
unlock@REF           param1       00010E
unlock@code          param1       00010C
unlock@i             param1       000110
